// Vitest Snapshot v1, https://vitest.dev/guide/snapshot.html

exports[`OwnerInfo > should render with minimal info 1`] = `
<div>
  <div
    class="MuiBox-root css-137nj4n"
  >
    <button
      class="MuiButtonBase-root MuiIconButton-root MuiIconButton-colorPrimary MuiIconButton-sizeSmall css-1xeclc1-MuiButtonBase-root-MuiIconButton-root"
      tabindex="0"
      type="button"
    >
      <svg
        aria-hidden="true"
        class="MuiSvgIcon-root MuiSvgIcon-fontSizeMedium css-1umw9bq-MuiSvgIcon-root"
        data-testid="KeyboardArrowDownIcon"
        focusable="false"
        viewBox="0 0 24 24"
      >
        <path
          d="M7.41 8.59 12 13.17l4.59-4.58L18 10l-6 6-6-6z"
        />
      </svg>
    </button>
    <div
      class="MuiBox-root css-d5pwdd"
    >
      <div
        class="MuiBox-root css-14pnx07"
      >
        <p
          class="MuiTypography-root MuiTypography-body1 css-rizt0-MuiTypography-root"
        >
          registration.owners
        </p>
        <p
          class="MuiFormHelperText-root css-1b0t562-MuiFormHelperText-root"
        />
      </div>
      <div
        class="MuiCollapse-root MuiCollapse-vertical MuiCollapse-entered css-qr6njo-MuiCollapse-root"
        style="min-height: 0px;"
      >
        <div
          class="MuiCollapse-wrapper MuiCollapse-vertical css-1x6hinx-MuiCollapse-wrapper"
        >
          <div
            class="MuiCollapse-wrapperInner MuiCollapse-vertical css-1i4ywhz-MuiCollapse-wrapperInner"
          >
            <div
              class="MuiBox-root css-1xs22px"
            >
              <div
                class="MuiStack-root css-1sazv7p-MuiStack-root"
              >
                <div
                  class="MuiStack-root css-jfdv4h-MuiStack-root"
                >
                  <div
                    class="MuiGrid-root MuiGrid-container MuiGrid-direction-xs-row MuiGrid-spacing-xs-1 css-1yvsbrk-MuiGrid-root"
                  >
                    <div
                      class="MuiGrid-root MuiGrid-direction-xs-row MuiGrid-grid-sm-6 MuiGrid-grid-xs-12 css-13xb3fr-MuiGrid-root"
                    >
                      <div
                        class="MuiFormControl-root MuiFormControl-fullWidth MuiTextField-root css-cmpglg-MuiFormControl-root-MuiTextField-root"
                      >
                        <label
                          class="MuiFormLabel-root MuiInputLabel-root MuiInputLabel-formControl MuiInputLabel-animated MuiInputLabel-outlined MuiFormLabel-colorPrimary Mui-error MuiInputLabel-root MuiInputLabel-formControl MuiInputLabel-animated MuiInputLabel-outlined css-19qnlrw-MuiFormLabel-root-MuiInputLabel-root"
                          data-shrink="false"
                          for="owner_0_name"
                          id="owner_0_name-label"
                        >
                          contact.name
                        </label>
                        <div
                          class="MuiInputBase-root MuiOutlinedInput-root MuiInputBase-colorPrimary Mui-error MuiInputBase-fullWidth MuiInputBase-formControl css-1blp12k-MuiInputBase-root-MuiOutlinedInput-root"
                        >
                          <input
                            aria-invalid="true"
                            autocomplete="name"
                            class="MuiInputBase-input MuiOutlinedInput-input css-16wblaj-MuiInputBase-input-MuiOutlinedInput-input"
                            id="owner_0_name"
                            name="name"
                            type="text"
                            value=""
                          />
                          <fieldset
                            aria-hidden="true"
                            class="MuiOutlinedInput-notchedOutline css-18p5xg2-MuiNotchedOutlined-root-MuiOutlinedInput-notchedOutline"
                          >
                            <legend
                              class="css-1n64csd-MuiNotchedOutlined-root"
                            >
                              <span>
                                contact.name
                              </span>
                            </legend>
                          </fieldset>
                        </div>
                      </div>
                    </div>
                    <div
                      class="MuiGrid-root MuiGrid-direction-xs-row MuiGrid-grid-sm-6 MuiGrid-grid-xs-12 css-13xb3fr-MuiGrid-root"
                    >
                      <div
                        class="MuiFormControl-root MuiFormControl-fullWidth MuiTextField-root css-cmpglg-MuiFormControl-root-MuiTextField-root"
                      >
                        <label
                          class="MuiFormLabel-root MuiInputLabel-root MuiInputLabel-formControl MuiInputLabel-animated MuiInputLabel-outlined MuiFormLabel-colorPrimary Mui-error MuiInputLabel-root MuiInputLabel-formControl MuiInputLabel-animated MuiInputLabel-outlined css-19qnlrw-MuiFormLabel-root-MuiInputLabel-root"
                          data-shrink="false"
                          for="owner_0_city"
                          id="owner_0_city-label"
                        >
                          contact.city
                        </label>
                        <div
                          class="MuiInputBase-root MuiOutlinedInput-root MuiInputBase-colorPrimary Mui-error MuiInputBase-fullWidth MuiInputBase-formControl css-1blp12k-MuiInputBase-root-MuiOutlinedInput-root"
                        >
                          <input
                            aria-invalid="true"
                            autocomplete="address-level2"
                            class="MuiInputBase-input MuiOutlinedInput-input css-16wblaj-MuiInputBase-input-MuiOutlinedInput-input"
                            id="owner_0_city"
                            name="city"
                            type="text"
                            value=""
                          />
                          <fieldset
                            aria-hidden="true"
                            class="MuiOutlinedInput-notchedOutline css-18p5xg2-MuiNotchedOutlined-root-MuiOutlinedInput-notchedOutline"
                          >
                            <legend
                              class="css-1n64csd-MuiNotchedOutlined-root"
                            >
                              <span>
                                contact.city
                              </span>
                            </legend>
                          </fieldset>
                        </div>
                      </div>
                    </div>
                    <div
                      class="MuiGrid-root MuiGrid-direction-xs-row MuiGrid-grid-sm-6 MuiGrid-grid-xs-12 css-13xb3fr-MuiGrid-root"
                    >
                      <div
                        class="MuiFormControl-root MuiFormControl-fullWidth MuiTextField-root css-cmpglg-MuiFormControl-root-MuiTextField-root"
                      >
                        <label
                          class="MuiFormLabel-root MuiInputLabel-root MuiInputLabel-formControl MuiInputLabel-animated MuiInputLabel-outlined MuiFormLabel-colorPrimary Mui-error MuiInputLabel-root MuiInputLabel-formControl MuiInputLabel-animated MuiInputLabel-outlined css-19qnlrw-MuiFormLabel-root-MuiInputLabel-root"
                          data-shrink="false"
                          for="owner_0_email"
                          id="owner_0_email-label"
                        >
                          contact.email
                        </label>
                        <div
                          class="MuiInputBase-root MuiOutlinedInput-root MuiInputBase-colorPrimary Mui-error MuiInputBase-fullWidth MuiInputBase-formControl css-1blp12k-MuiInputBase-root-MuiOutlinedInput-root"
                        >
                          <input
                            aria-invalid="true"
                            autocomplete="email"
                            class="MuiInputBase-input MuiOutlinedInput-input css-16wblaj-MuiInputBase-input-MuiOutlinedInput-input"
                            id="owner_0_email"
                            name="email"
                            type="text"
                            value=""
                          />
                          <fieldset
                            aria-hidden="true"
                            class="MuiOutlinedInput-notchedOutline css-18p5xg2-MuiNotchedOutlined-root-MuiOutlinedInput-notchedOutline"
                          >
                            <legend
                              class="css-1n64csd-MuiNotchedOutlined-root"
                            >
                              <span>
                                contact.email
                              </span>
                            </legend>
                          </fieldset>
                        </div>
                      </div>
                    </div>
                    <div
                      class="MuiGrid-root MuiGrid-direction-xs-row MuiGrid-grid-sm-6 MuiGrid-grid-xs-12 css-13xb3fr-MuiGrid-root"
                    >
                      <div
                        class="MuiFormControl-root MuiFormControl-fullWidth MuiTextField-root MuiTelInput-TextField css-cmpglg-MuiFormControl-root-MuiTextField-root"
                      >
                        <label
                          class="MuiFormLabel-root MuiInputLabel-root MuiInputLabel-formControl MuiInputLabel-animated MuiInputLabel-shrink MuiInputLabel-outlined MuiFormLabel-colorPrimary Mui-error MuiInputLabel-root MuiInputLabel-formControl MuiInputLabel-animated MuiInputLabel-shrink MuiInputLabel-outlined css-113d811-MuiFormLabel-root-MuiInputLabel-root"
                          data-shrink="true"
                          for="owner_0_phone"
                          id="owner_0_phone-label"
                        >
                          contact.phone
                        </label>
                        <div
                          class="MuiInputBase-root MuiOutlinedInput-root MuiInputBase-colorPrimary Mui-error MuiInputBase-fullWidth MuiInputBase-formControl MuiInputBase-adornedStart css-ot336b-MuiInputBase-root-MuiOutlinedInput-root"
                        >
                          <div
                            class="MuiInputAdornment-root MuiInputAdornment-positionStart MuiInputAdornment-outlined MuiInputAdornment-sizeMedium css-1be8vlw-MuiInputAdornment-root"
                          >
                            <span
                              aria-hidden="true"
                              class="notranslate"
                            >
                              ​
                            </span>
                            <button
                              aria-expanded="false"
                              aria-haspopup="listbox"
                              aria-label="Open flags menu"
                              class="MuiButtonBase-root MuiIconButton-root MuiIconButton-sizeMedium MuiTelInput-IconButton css-mbzyvd-MuiButtonBase-root-MuiIconButton-root"
                              tabindex="0"
                              type="button"
                            >
                              <span
                                class="MuiTelInput-Flag css-70qvj9"
                                data-testid="FI"
                              >
                                <img
                                  alt="Finland"
                                  class="MuiTelInput-FlagImg"
                                  loading="lazy"
                                  src="https://flagcdn.com/w40/fi.webp"
                                  width="26"
                                />
                              </span>
                            </button>
                            <p
                              class="MuiTypography-root MuiTypography-body1 css-gph175-MuiTypography-root"
                            >
                              +
                              358
                            </p>
                          </div>
                          <input
                            aria-invalid="true"
                            autocomplete="tel"
                            class="MuiInputBase-input MuiOutlinedInput-input MuiInputBase-inputAdornedStart css-2u11ia-MuiInputBase-input-MuiOutlinedInput-input"
                            id="owner_0_phone"
                            name="phone"
                            type="tel"
                            value=""
                          />
                          <fieldset
                            aria-hidden="true"
                            class="MuiOutlinedInput-notchedOutline css-18p5xg2-MuiNotchedOutlined-root-MuiOutlinedInput-notchedOutline"
                          >
                            <legend
                              class="css-ex8a5f-MuiNotchedOutlined-root"
                            >
                              <span>
                                contact.phone
                              </span>
                            </legend>
                          </fieldset>
                        </div>
                      </div>
                    </div>
                  </div>
                  <div
                    class="MuiStack-root css-3y1137-MuiStack-root"
                  >
                    <label
                      class="MuiFormControlLabel-root MuiFormControlLabel-labelPlacementEnd css-19opgx6-MuiFormControlLabel-root"
                    >
                      <span
                        class="MuiButtonBase-root MuiCheckbox-root MuiCheckbox-colorPrimary MuiCheckbox-sizeMedium PrivateSwitchBase-root MuiCheckbox-root MuiCheckbox-colorPrimary MuiCheckbox-sizeMedium MuiCheckbox-root MuiCheckbox-colorPrimary MuiCheckbox-sizeMedium css-vuhw6e-MuiButtonBase-root-MuiSwitchBase-root-MuiCheckbox-root"
                      >
                        <input
                          class="PrivateSwitchBase-input css-12xagqm-MuiSwitchBase-root"
                          data-indeterminate="false"
                          name="owner_0_membership"
                          type="checkbox"
                        />
                        <svg
                          aria-hidden="true"
                          class="MuiSvgIcon-root MuiSvgIcon-fontSizeMedium css-1umw9bq-MuiSvgIcon-root"
                          data-testid="CheckBoxOutlineBlankIcon"
                          focusable="false"
                          viewBox="0 0 24 24"
                        >
                          <path
                            d="M19 5v14H5V5h14m0-2H5c-1.1 0-2 .9-2 2v14c0 1.1.9 2 2 2h14c1.1 0 2-.9 2-2V5c0-1.1-.9-2-2-2z"
                          />
                        </svg>
                      </span>
                      <span
                        class="MuiTypography-root MuiTypography-body1 MuiFormControlLabel-label css-rizt0-MuiTypography-root"
                      >
                        registration.ownerIsMember
                      </span>
                    </label>
                  </div>
                </div>
                <button
                  class="MuiButtonBase-root MuiButton-root MuiButton-outlined MuiButton-outlinedPrimary MuiButton-sizeMedium MuiButton-outlinedSizeMedium MuiButton-colorPrimary css-q7sch3-MuiButtonBase-root-MuiButton-root"
                  tabindex="0"
                  type="button"
                >
                  <span
                    class="MuiButton-icon MuiButton-startIcon MuiButton-iconSizeMedium css-1sh91j5-MuiButton-startIcon"
                  >
                    <svg
                      aria-hidden="true"
                      class="MuiSvgIcon-root MuiSvgIcon-fontSizeMedium css-1umw9bq-MuiSvgIcon-root"
                      data-testid="AddOutlinedIcon"
                      focusable="false"
                      viewBox="0 0 24 24"
                    >
                      <path
                        d="M19 13h-6v6h-2v-6H5v-2h6V5h2v6h6z"
                      />
                    </svg>
                  </span>
                  registration.cta.addOwner
                </button>
                <div
                  class="MuiStack-root css-w7gobd-MuiStack-root"
                >
                  <div
                    class="MuiFormControl-root css-1iw3t7y-MuiFormControl-root"
                  >
                    <label
                      class="MuiFormLabel-root MuiFormLabel-colorPrimary css-nwsdb5-MuiFormLabel-root"
                      id="owner-handles-label"
                    >
                      registration.whoHandles
                    </label>
                    <div
                      aria-labelledby="owner-handles-label"
                      class="MuiFormGroup-root MuiRadioGroup-root css-1mac7pt-MuiFormGroup-root"
                      role="radiogroup"
                    >
                      <label
                        class="MuiFormControlLabel-root MuiFormControlLabel-labelPlacementEnd css-19opgx6-MuiFormControlLabel-root"
                      >
                        <span
                          class="MuiButtonBase-root MuiRadio-root MuiRadio-colorPrimary PrivateSwitchBase-root MuiRadio-root MuiRadio-colorPrimary Mui-checked MuiRadio-root MuiRadio-colorPrimary css-1q72ply-MuiButtonBase-root-MuiSwitchBase-root-MuiRadio-root"
                        >
                          <input
                            checked=""
                            class="PrivateSwitchBase-input css-12xagqm-MuiSwitchBase-root"
                            name=":r7:"
                            type="radio"
                            value="owner-1"
                          />
                          <span
                            class="css-9oxshb-MuiRadioButtonIcon-root"
                          >
                            <svg
                              aria-hidden="true"
                              class="MuiSvgIcon-root MuiSvgIcon-fontSizeMedium css-iy8fvg-MuiSvgIcon-root-MuiRadioButtonIcon-root"
                              data-testid="RadioButtonUncheckedIcon"
                              focusable="false"
                              viewBox="0 0 24 24"
                            >
                              <path
                                d="M12 2C6.48 2 2 6.48 2 12s4.48 10 10 10 10-4.48 10-10S17.52 2 12 2zm0 18c-4.42 0-8-3.58-8-8s3.58-8 8-8 8 3.58 8 8-3.58 8-8 8z"
                              />
                            </svg>
                            <svg
                              aria-hidden="true"
                              class="MuiSvgIcon-root MuiSvgIcon-fontSizeMedium css-1pqw2bl-MuiSvgIcon-root-MuiRadioButtonIcon-root"
                              data-testid="RadioButtonCheckedIcon"
                              focusable="false"
                              viewBox="0 0 24 24"
                            >
                              <path
                                d="M8.465 8.465C9.37 7.56 10.62 7 12 7C14.76 7 17 9.24 17 12C17 13.38 16.44 14.63 15.535 15.535C14.63 16.44 13.38 17 12 17C9.24 17 7 14.76 7 12C7 10.62 7.56 9.37 8.465 8.465Z"
                              />
                            </svg>
                          </span>
                        </span>
                        <span
                          class="MuiTypography-root MuiTypography-body1 MuiFormControlLabel-label css-rizt0-MuiTypography-root"
                        >
                          registration.ownerNumber number
                        </span>
                      </label>
                      <label
                        class="MuiFormControlLabel-root MuiFormControlLabel-labelPlacementEnd css-19opgx6-MuiFormControlLabel-root"
                      >
                        <span
                          class="MuiButtonBase-root MuiRadio-root MuiRadio-colorPrimary PrivateSwitchBase-root MuiRadio-root MuiRadio-colorPrimary MuiRadio-root MuiRadio-colorPrimary css-1q72ply-MuiButtonBase-root-MuiSwitchBase-root-MuiRadio-root"
                        >
                          <input
                            class="PrivateSwitchBase-input css-12xagqm-MuiSwitchBase-root"
                            name=":r7:"
                            type="radio"
                            value=""
                          />
                          <span
                            class="css-9oxshb-MuiRadioButtonIcon-root"
                          >
                            <svg
                              aria-hidden="true"
                              class="MuiSvgIcon-root MuiSvgIcon-fontSizeMedium css-iy8fvg-MuiSvgIcon-root-MuiRadioButtonIcon-root"
                              data-testid="RadioButtonUncheckedIcon"
                              focusable="false"
                              viewBox="0 0 24 24"
                            >
                              <path
                                d="M12 2C6.48 2 2 6.48 2 12s4.48 10 10 10 10-4.48 10-10S17.52 2 12 2zm0 18c-4.42 0-8-3.58-8-8s3.58-8 8-8 8 3.58 8 8-3.58 8-8 8z"
                              />
                            </svg>
                            <svg
                              aria-hidden="true"
                              class="MuiSvgIcon-root MuiSvgIcon-fontSizeMedium css-cpa8b4-MuiSvgIcon-root-MuiRadioButtonIcon-root"
                              data-testid="RadioButtonCheckedIcon"
                              focusable="false"
                              viewBox="0 0 24 24"
                            >
                              <path
                                d="M8.465 8.465C9.37 7.56 10.62 7 12 7C14.76 7 17 9.24 17 12C17 13.38 16.44 14.63 15.535 15.535C14.63 16.44 13.38 17 12 17C9.24 17 7 14.76 7 12C7 10.62 7.56 9.37 8.465 8.465Z"
                              />
                            </svg>
                          </span>
                        </span>
                        <span
                          class="MuiTypography-root MuiTypography-body1 MuiFormControlLabel-label css-rizt0-MuiTypography-root"
                        >
                          registration.someoneElse
                        </span>
                      </label>
                    </div>
                  </div>
                  <div
                    class="MuiFormControl-root css-1iw3t7y-MuiFormControl-root"
                  >
                    <label
                      class="MuiFormLabel-root MuiFormLabel-colorPrimary css-nwsdb5-MuiFormLabel-root"
                      id="owner-pays-label"
                    >
                      registration.whoPays
                    </label>
                    <div
                      aria-labelledby="owner-pays-label"
                      class="MuiFormGroup-root MuiRadioGroup-root css-1mac7pt-MuiFormGroup-root"
                      role="radiogroup"
                    >
                      <label
                        class="MuiFormControlLabel-root MuiFormControlLabel-labelPlacementEnd css-19opgx6-MuiFormControlLabel-root"
                      >
                        <span
                          class="MuiButtonBase-root MuiRadio-root MuiRadio-colorPrimary PrivateSwitchBase-root MuiRadio-root MuiRadio-colorPrimary Mui-checked MuiRadio-root MuiRadio-colorPrimary css-1q72ply-MuiButtonBase-root-MuiSwitchBase-root-MuiRadio-root"
                        >
                          <input
                            checked=""
                            class="PrivateSwitchBase-input css-12xagqm-MuiSwitchBase-root"
                            name=":r8:"
                            type="radio"
                            value="owner-1"
                          />
                          <span
                            class="css-9oxshb-MuiRadioButtonIcon-root"
                          >
                            <svg
                              aria-hidden="true"
                              class="MuiSvgIcon-root MuiSvgIcon-fontSizeMedium css-iy8fvg-MuiSvgIcon-root-MuiRadioButtonIcon-root"
                              data-testid="RadioButtonUncheckedIcon"
                              focusable="false"
                              viewBox="0 0 24 24"
                            >
                              <path
                                d="M12 2C6.48 2 2 6.48 2 12s4.48 10 10 10 10-4.48 10-10S17.52 2 12 2zm0 18c-4.42 0-8-3.58-8-8s3.58-8 8-8 8 3.58 8 8-3.58 8-8 8z"
                              />
                            </svg>
                            <svg
                              aria-hidden="true"
                              class="MuiSvgIcon-root MuiSvgIcon-fontSizeMedium css-1pqw2bl-MuiSvgIcon-root-MuiRadioButtonIcon-root"
                              data-testid="RadioButtonCheckedIcon"
                              focusable="false"
                              viewBox="0 0 24 24"
                            >
                              <path
                                d="M8.465 8.465C9.37 7.56 10.62 7 12 7C14.76 7 17 9.24 17 12C17 13.38 16.44 14.63 15.535 15.535C14.63 16.44 13.38 17 12 17C9.24 17 7 14.76 7 12C7 10.62 7.56 9.37 8.465 8.465Z"
                              />
                            </svg>
                          </span>
                        </span>
                        <span
                          class="MuiTypography-root MuiTypography-body1 MuiFormControlLabel-label css-rizt0-MuiTypography-root"
                        >
                          registration.ownerNumber number
                        </span>
                      </label>
                      <label
                        class="MuiFormControlLabel-root MuiFormControlLabel-labelPlacementEnd css-19opgx6-MuiFormControlLabel-root"
                      >
                        <span
                          class="MuiButtonBase-root MuiRadio-root MuiRadio-colorPrimary PrivateSwitchBase-root MuiRadio-root MuiRadio-colorPrimary MuiRadio-root MuiRadio-colorPrimary css-1q72ply-MuiButtonBase-root-MuiSwitchBase-root-MuiRadio-root"
                        >
                          <input
                            class="PrivateSwitchBase-input css-12xagqm-MuiSwitchBase-root"
                            name=":r8:"
                            type="radio"
                            value=""
                          />
                          <span
                            class="css-9oxshb-MuiRadioButtonIcon-root"
                          >
                            <svg
                              aria-hidden="true"
                              class="MuiSvgIcon-root MuiSvgIcon-fontSizeMedium css-iy8fvg-MuiSvgIcon-root-MuiRadioButtonIcon-root"
                              data-testid="RadioButtonUncheckedIcon"
                              focusable="false"
                              viewBox="0 0 24 24"
                            >
                              <path
                                d="M12 2C6.48 2 2 6.48 2 12s4.48 10 10 10 10-4.48 10-10S17.52 2 12 2zm0 18c-4.42 0-8-3.58-8-8s3.58-8 8-8 8 3.58 8 8-3.58 8-8 8z"
                              />
                            </svg>
                            <svg
                              aria-hidden="true"
                              class="MuiSvgIcon-root MuiSvgIcon-fontSizeMedium css-cpa8b4-MuiSvgIcon-root-MuiRadioButtonIcon-root"
                              data-testid="RadioButtonCheckedIcon"
                              focusable="false"
                              viewBox="0 0 24 24"
                            >
                              <path
                                d="M8.465 8.465C9.37 7.56 10.62 7 12 7C14.76 7 17 9.24 17 12C17 13.38 16.44 14.63 15.535 15.535C14.63 16.44 13.38 17 12 17C9.24 17 7 14.76 7 12C7 10.62 7.56 9.37 8.465 8.465Z"
                              />
                            </svg>
                          </span>
                        </span>
                        <span
                          class="MuiTypography-root MuiTypography-body1 MuiFormControlLabel-label css-rizt0-MuiTypography-root"
                        >
                          registration.someoneElse
                        </span>
                      </label>
                    </div>
                  </div>
                </div>
              </div>
            </div>
          </div>
        </div>
      </div>
    </div>
  </div>
</div>
`;
