// Jest Snapshot v1, https://goo.gl/fbAQLP

exports[`PayerInfo should render with minimal info 1`] = `
<div>
  <div
    class="MuiBox-root css-l530ik"
  >
    <button
      class="MuiButtonBase-root MuiIconButton-root MuiIconButton-colorPrimary MuiIconButton-sizeSmall css-10rc6rd-MuiButtonBase-root-MuiIconButton-root"
      tabindex="0"
      type="button"
    >
      <svg
        aria-hidden="true"
        class="MuiSvgIcon-root MuiSvgIcon-fontSizeMedium css-1umw9bq-MuiSvgIcon-root"
        data-testid="KeyboardArrowDownIcon"
        focusable="false"
        viewBox="0 0 24 24"
      >
        <path
          d="M7.41 8.59 12 13.17l4.59-4.58L18 10l-6 6-6-6z"
        />
      </svg>
    </button>
    <div
      class="MuiBox-root css-1qbrvqz"
    >
      <div
        class="MuiBox-root css-1jw9kr7"
      >
        <p
          class="MuiTypography-root MuiTypography-body1 css-rizt0-MuiTypography-root"
        >
          registration.payer
        </p>
        <p
          class="MuiFormHelperText-root css-1b0t562-MuiFormHelperText-root"
        />
      </div>
      <div
        class="MuiCollapse-root MuiCollapse-vertical MuiCollapse-entered css-qr6njo-MuiCollapse-root"
        style="min-height: 0px;"
      >
        <div
          class="MuiCollapse-wrapper MuiCollapse-vertical css-1x6hinx-MuiCollapse-wrapper"
        >
          <div
            class="MuiCollapse-wrapperInner MuiCollapse-vertical css-1i4ywhz-MuiCollapse-wrapperInner"
          >
            <div
              class="MuiBox-root css-e1h6et"
            >
              <div
                class="MuiGrid2-root MuiGrid2-container MuiGrid2-direction-xs-row MuiGrid2-spacing-xs-1 css-octady-MuiGrid2-root"
              >
                <div
                  class="MuiGrid2-root MuiGrid2-direction-xs-row MuiGrid2-grid-xs-12 MuiGrid2-grid-sm-6 css-1lu792j-MuiGrid2-root"
                >
                  <div
                    class="MuiFormControl-root MuiFormControl-fullWidth MuiTextField-root css-cmpglg-MuiFormControl-root-MuiTextField-root"
                  >
                    <label
                      class="MuiFormLabel-root MuiInputLabel-root MuiInputLabel-formControl MuiInputLabel-animated MuiInputLabel-sizeMedium MuiInputLabel-outlined MuiFormLabel-colorPrimary Mui-error MuiInputLabel-root MuiInputLabel-formControl MuiInputLabel-animated MuiInputLabel-sizeMedium MuiInputLabel-outlined css-19qnlrw-MuiFormLabel-root-MuiInputLabel-root"
                      data-shrink="false"
                      for="payer_name"
                      id="payer_name-label"
                    >
                      contact.name
                    </label>
                    <div
                      class="MuiInputBase-root MuiOutlinedInput-root MuiInputBase-colorPrimary Mui-error MuiInputBase-fullWidth MuiInputBase-formControl css-1blp12k-MuiInputBase-root-MuiOutlinedInput-root"
                    >
                      <input
                        aria-invalid="true"
                        autocomplete="name"
                        class="MuiInputBase-input MuiOutlinedInput-input css-16wblaj-MuiInputBase-input-MuiOutlinedInput-input"
                        id="payer_name"
                        name="name"
                        type="text"
                        value=""
                      />
                      <fieldset
                        aria-hidden="true"
                        class="MuiOutlinedInput-notchedOutline css-1ll44ll-MuiOutlinedInput-notchedOutline"
                      >
                        <legend
                          class="css-81qg8w"
                        >
                          <span>
                            contact.name
                          </span>
                        </legend>
                      </fieldset>
                    </div>
                  </div>
                </div>
                <div
                  class="MuiGrid2-root MuiGrid2-direction-xs-row MuiGrid2-grid-xs-12 MuiGrid2-grid-sm-6 css-1lu792j-MuiGrid2-root"
                >
                  <div
                    class="MuiFormControl-root MuiFormControl-fullWidth MuiTextField-root css-cmpglg-MuiFormControl-root-MuiTextField-root"
                  >
                    <label
                      class="MuiFormLabel-root MuiInputLabel-root MuiInputLabel-formControl MuiInputLabel-animated MuiInputLabel-sizeMedium MuiInputLabel-outlined MuiFormLabel-colorPrimary Mui-error MuiInputLabel-root MuiInputLabel-formControl MuiInputLabel-animated MuiInputLabel-sizeMedium MuiInputLabel-outlined css-19qnlrw-MuiFormLabel-root-MuiInputLabel-root"
                      data-shrink="false"
                      for="payer_email"
                      id="payer_email-label"
                    >
                      contact.email
                    </label>
                    <div
                      class="MuiInputBase-root MuiOutlinedInput-root MuiInputBase-colorPrimary Mui-error MuiInputBase-fullWidth MuiInputBase-formControl css-1blp12k-MuiInputBase-root-MuiOutlinedInput-root"
                    >
                      <input
                        aria-invalid="true"
                        autocomplete="email"
                        class="MuiInputBase-input MuiOutlinedInput-input css-16wblaj-MuiInputBase-input-MuiOutlinedInput-input"
                        id="payer_email"
                        name="email"
                        type="text"
                        value=""
                      />
                      <fieldset
                        aria-hidden="true"
                        class="MuiOutlinedInput-notchedOutline css-1ll44ll-MuiOutlinedInput-notchedOutline"
                      >
                        <legend
                          class="css-81qg8w"
                        >
                          <span>
                            contact.email
                          </span>
                        </legend>
                      </fieldset>
                    </div>
                  </div>
                </div>
                <div
                  class="MuiGrid2-root MuiGrid2-direction-xs-row MuiGrid2-grid-xs-12 MuiGrid2-grid-sm-6 css-1lu792j-MuiGrid2-root"
                >
                  <div
                    class="MuiFormControl-root MuiFormControl-fullWidth MuiTextField-root MuiTelInput-TextField css-cmpglg-MuiFormControl-root-MuiTextField-root"
                  >
                    <label
                      class="MuiFormLabel-root MuiInputLabel-root MuiInputLabel-formControl MuiInputLabel-animated MuiInputLabel-shrink MuiInputLabel-sizeMedium MuiInputLabel-outlined MuiFormLabel-colorPrimary Mui-error MuiInputLabel-root MuiInputLabel-formControl MuiInputLabel-animated MuiInputLabel-shrink MuiInputLabel-sizeMedium MuiInputLabel-outlined css-113d811-MuiFormLabel-root-MuiInputLabel-root"
                      data-shrink="true"
                      for="payer_phone"
                      id="payer_phone-label"
                    >
                      contact.phone
                    </label>
                    <div
                      class="MuiInputBase-root MuiOutlinedInput-root MuiInputBase-colorPrimary Mui-error MuiInputBase-fullWidth MuiInputBase-formControl MuiInputBase-adornedStart css-ot336b-MuiInputBase-root-MuiOutlinedInput-root"
                    >
                      <div
                        class="MuiInputAdornment-root MuiInputAdornment-positionStart MuiInputAdornment-outlined MuiInputAdornment-sizeMedium css-1be8vlw-MuiInputAdornment-root"
                      >
                        <span
                          aria-hidden="true"
                          class="notranslate"
                        >
                          ​
                        </span>
                        <button
                          aria-expanded="false"
                          aria-haspopup="listbox"
                          aria-label="Open flags menu"
                          class="MuiButtonBase-root MuiIconButton-root MuiIconButton-sizeMedium MuiTelInput-IconButton css-mbzyvd-MuiButtonBase-root-MuiIconButton-root"
                          tabindex="0"
                          type="button"
                        >
                          <span
                            class="MuiTelInput-Flag css-70qvj9"
                            data-testid="FI"
                          >
                            <img
                              alt="Finland"
                              class="MuiTelInput-FlagImg"
                              loading="lazy"
                              src="https://flagcdn.com/w40/fi.webp"
                              width="26"
                            />
                          </span>
                        </button>
                        <p
                          class="MuiTypography-root MuiTypography-body1 css-gph175-MuiTypography-root"
                        >
                          +
                          358
                        </p>
                      </div>
                      <input
                        aria-invalid="true"
                        autocomplete="tel"
                        class="MuiInputBase-input MuiOutlinedInput-input MuiInputBase-inputAdornedStart css-2u11ia-MuiInputBase-input-MuiOutlinedInput-input"
                        id="payer_phone"
                        name="phone"
                        type="tel"
                        value=""
                      />
                      <fieldset
                        aria-hidden="true"
                        class="MuiOutlinedInput-notchedOutline css-1ll44ll-MuiOutlinedInput-notchedOutline"
                      >
                        <legend
                          class="css-w1u3ce"
                        >
                          <span>
                            contact.phone
                          </span>
                        </legend>
                      </fieldset>
                    </div>
                  </div>
                </div>
              </div>
            </div>
          </div>
        </div>
      </div>
    </div>
  </div>
</div>
`;
