// Jest Snapshot v1, https://jestjs.io/docs/snapshot-testing

exports[`InfoPanel> renders with event with closed entry and registrations 1`] = `
<div>
  <button
    aria-label="Avaa tilannepaneeli"
    class="MuiButtonBase-root MuiButton-root MuiButton-contained MuiButton-containedPrimary MuiButton-sizeMedium MuiButton-containedSizeMedium MuiButton-colorPrimary css-1py9kyb-MuiButtonBase-root-MuiButton-root"
    tabindex="0"
    type="button"
  >
    <span
      class="MuiButton-icon MuiButton-startIcon MuiButton-iconSizeMedium css-1sh91j5-MuiButton-startIcon"
    >
      <svg
        aria-hidden="true"
        class="MuiSvgIcon-root MuiSvgIcon-fontSizeSmall css-120dh41-MuiSvgIcon-root"
        data-testid="MenuOpenIcon"
        focusable="false"
        viewBox="0 0 24 24"
      >
        <path
          d="M3 18h13v-2H3zm0-5h10v-2H3zm0-7v2h13V6zm18 9.59L17.42 12 21 8.41 19.59 7l-5 5 5 5z"
        />
      </svg>
    </span>
    Tapahtuman hallinta
  </button>
</div>
`;

exports[`InfoPanel> renders with event with closed entry and registrations with groups 1`] = `
<div>
  <button
    aria-label="Avaa tilannepaneeli"
    class="MuiButtonBase-root MuiButton-root MuiButton-contained MuiButton-containedPrimary MuiButton-sizeMedium MuiButton-containedSizeMedium MuiButton-colorPrimary css-1py9kyb-MuiButtonBase-root-MuiButton-root"
    tabindex="0"
    type="button"
  >
    <span
      class="MuiButton-icon MuiButton-startIcon MuiButton-iconSizeMedium css-1sh91j5-MuiButton-startIcon"
    >
      <svg
        aria-hidden="true"
        class="MuiSvgIcon-root MuiSvgIcon-fontSizeSmall css-120dh41-MuiSvgIcon-root"
        data-testid="MenuOpenIcon"
        focusable="false"
        viewBox="0 0 24 24"
      >
        <path
          d="M3 18h13v-2H3zm0-5h10v-2H3zm0-7v2h13V6zm18 9.59L17.42 12 21 8.41 19.59 7l-5 5 5 5z"
        />
      </svg>
    </span>
    Tapahtuman hallinta
  </button>
</div>
`;

exports[`InfoPanel> renders with no registrations 1`] = `
<div>
  <button
    aria-label="Avaa tilannepaneeli"
    class="MuiButtonBase-root MuiButton-root MuiButton-contained MuiButton-containedPrimary MuiButton-sizeMedium MuiButton-containedSizeMedium MuiButton-colorPrimary css-1py9kyb-MuiButtonBase-root-MuiButton-root"
    tabindex="0"
    type="button"
  >
    <span
      class="MuiButton-icon MuiButton-startIcon MuiButton-iconSizeMedium css-1sh91j5-MuiButton-startIcon"
    >
      <svg
        aria-hidden="true"
        class="MuiSvgIcon-root MuiSvgIcon-fontSizeSmall css-120dh41-MuiSvgIcon-root"
        data-testid="MenuOpenIcon"
        focusable="false"
        viewBox="0 0 24 24"
      >
        <path
          d="M3 18h13v-2H3zm0-5h10v-2H3zm0-7v2h13V6zm18 9.59L17.42 12 21 8.41 19.59 7l-5 5 5 5z"
        />
      </svg>
    </span>
    Tapahtuman hallinta
  </button>
</div>
`;
