// Jest Snapshot v1, https://jestjs.io/docs/snapshot-testing

exports[`MoveToGroupDialog renders 1`] = `
<body
  style="padding-right: 1024px; overflow: hidden;"
>
  <div
    aria-hidden="true"
  />
  <div
    class="MuiDialog-root MuiModal-root css-1424xw8-MuiModal-root-MuiDialog-root"
    role="presentation"
  >
    <div
      aria-hidden="true"
      class="MuiBackdrop-root MuiModal-backdrop MuiDialog-backdrop css-1cennmq-MuiBackdrop-root-MuiDialog-backdrop"
      style="opacity: 1; transition: opacity 225ms cubic-bezier(0.4, 0, 0.2, 1) 0ms;"
    />
    <div
      data-testid="sentinelStart"
      tabindex="0"
    />
    <div
      class="MuiDialog-container MuiDialog-scrollPaper css-19do60a-MuiDialog-container"
      role="presentation"
      style="opacity: 1; transition: opacity 225ms cubic-bezier(0.4, 0, 0.2, 1) 0ms;"
      tabindex="-1"
    >
      <div
        aria-labelledby=":r0:"
        aria-modal="true"
        class="MuiPaper-root MuiPaper-elevation MuiPaper-rounded MuiPaper-elevation24 MuiDialog-paper MuiDialog-paperScrollPaper MuiDialog-paperWidthSm MuiDialog-paperFullWidth css-16htz67-MuiPaper-root-MuiDialog-paper"
        role="dialog"
        style="--Paper-shadow: 0px 11px 15px -7px rgba(0,0,0,0.2),0px 24px 38px 3px rgba(0,0,0,0.14),0px 9px 46px 8px rgba(0,0,0,0.12);"
      >
        <h2
          class="MuiTypography-root MuiTypography-h6 MuiDialogTitle-root css-rvoa5x-MuiTypography-root-MuiDialogTitle-root"
          id=":r0:"
        >
          registration.moveToGroupDialog.title
        </h2>
        <div
          class="MuiDialogContent-root css-kw13he-MuiDialogContent-root"
        >
          <fieldset
            class="MuiFormControl-root css-19yb7ug-MuiFormControl-root"
          >
            <legend
              class="MuiFormLabel-root MuiFormLabel-colorPrimary css-nwsdb5-MuiFormLabel-root"
            >
              registration.moveToGroupDialog.selectGroup
            </legend>
            <div
              class="MuiFormGroup-root MuiRadioGroup-root css-1mac7pt-MuiFormGroup-root"
              role="radiogroup"
            >
              <label
                class="MuiFormControlLabel-root MuiFormControlLabel-labelPlacementEnd css-19opgx6-MuiFormControlLabel-root"
              >
                <span
                  class="MuiButtonBase-root MuiRadio-root MuiRadio-colorPrimary PrivateSwitchBase-root MuiRadio-root MuiRadio-colorPrimary Mui-checked MuiRadio-root MuiRadio-colorPrimary css-1q72ply-MuiButtonBase-root-MuiSwitchBase-root-MuiRadio-root"
                >
                  <input
                    checked=""
                    class="PrivateSwitchBase-input css-12xagqm-MuiSwitchBase-root"
                    name=":r1:"
                    type="radio"
                    value="2021-02-10-ap"
                  />
                  <span
                    class="css-9oxshb-MuiRadioButtonIcon-root"
                  >
                    <svg
                      aria-hidden="true"
                      class="MuiSvgIcon-root MuiSvgIcon-fontSizeMedium css-iy8fvg-MuiSvgIcon-root-MuiRadioButtonIcon-root"
                      data-testid="RadioButtonUncheckedIcon"
                      focusable="false"
                      viewBox="0 0 24 24"
                    >
                      <path
                        d="M12 2C6.48 2 2 6.48 2 12s4.48 10 10 10 10-4.48 10-10S17.52 2 12 2zm0 18c-4.42 0-8-3.58-8-8s3.58-8 8-8 8 3.58 8 8-3.58 8-8 8z"
                      />
                    </svg>
                    <svg
                      aria-hidden="true"
                      class="MuiSvgIcon-root MuiSvgIcon-fontSizeMedium css-1pqw2bl-MuiSvgIcon-root-MuiRadioButtonIcon-root"
                      data-testid="RadioButtonCheckedIcon"
                      focusable="false"
                      viewBox="0 0 24 24"
                    >
                      <path
                        d="M8.465 8.465C9.37 7.56 10.62 7 12 7C14.76 7 17 9.24 17 12C17 13.38 16.44 14.63 15.535 15.535C14.63 16.44 13.38 17 12 17C9.24 17 7 14.76 7 12C7 10.62 7.56 9.37 8.465 8.465Z"
                      />
                    </svg>
                  </span>
                </span>
                <span
                  class="MuiTypography-root MuiTypography-body1 MuiFormControlLabel-label css-rizt0-MuiTypography-root"
                >
                  dateFormat.wdshort date registration.timeLong.ap registration.moveToGroupDialog.currentGroup
                </span>
              </label>
              <label
                class="MuiFormControlLabel-root Mui-disabled MuiFormControlLabel-labelPlacementEnd css-19opgx6-MuiFormControlLabel-root"
              >
                <span
                  class="MuiButtonBase-root MuiRadio-root MuiRadio-colorPrimary PrivateSwitchBase-root MuiRadio-root MuiRadio-colorPrimary Mui-disabled MuiRadio-root MuiRadio-colorPrimary css-1x0b2u0-MuiButtonBase-root-MuiSwitchBase-root-MuiRadio-root"
                >
                  <input
                    class="PrivateSwitchBase-input css-12xagqm-MuiSwitchBase-root"
                    disabled=""
                    name=":r1:"
                    type="radio"
                    value="2021-02-10-ip"
                  />
                  <span
                    class="css-9oxshb-MuiRadioButtonIcon-root"
                  >
                    <svg
                      aria-hidden="true"
                      class="MuiSvgIcon-root MuiSvgIcon-fontSizeMedium css-iy8fvg-MuiSvgIcon-root-MuiRadioButtonIcon-root"
                      data-testid="RadioButtonUncheckedIcon"
                      focusable="false"
                      viewBox="0 0 24 24"
                    >
                      <path
                        d="M12 2C6.48 2 2 6.48 2 12s4.48 10 10 10 10-4.48 10-10S17.52 2 12 2zm0 18c-4.42 0-8-3.58-8-8s3.58-8 8-8 8 3.58 8 8-3.58 8-8 8z"
                      />
                    </svg>
                    <svg
                      aria-hidden="true"
                      class="MuiSvgIcon-root MuiSvgIcon-fontSizeMedium css-cpa8b4-MuiSvgIcon-root-MuiRadioButtonIcon-root"
                      data-testid="RadioButtonCheckedIcon"
                      focusable="false"
                      viewBox="0 0 24 24"
                    >
                      <path
                        d="M8.465 8.465C9.37 7.56 10.62 7 12 7C14.76 7 17 9.24 17 12C17 13.38 16.44 14.63 15.535 15.535C14.63 16.44 13.38 17 12 17C9.24 17 7 14.76 7 12C7 10.62 7.56 9.37 8.465 8.465Z"
                      />
                    </svg>
                  </span>
                </span>
                <span
                  class="MuiTypography-root MuiTypography-body1 MuiFormControlLabel-label Mui-disabled css-rizt0-MuiTypography-root"
                >
                  dateFormat.wdshort date registration.timeLong.ip
                </span>
              </label>
            </div>
          </fieldset>
        </div>
        <div
          class="MuiDialogActions-root MuiDialogActions-spacing css-15fu35s-MuiDialogActions-root"
        >
          <button
            class="MuiButtonBase-root MuiButton-root MuiButton-text MuiButton-textPrimary MuiButton-sizeMedium MuiButton-textSizeMedium MuiButton-colorPrimary MuiButton-root MuiButton-text MuiButton-textPrimary MuiButton-sizeMedium MuiButton-textSizeMedium MuiButton-colorPrimary css-1uent87-MuiButtonBase-root-MuiButton-root"
            tabindex="0"
            type="button"
          >
            close
          </button>
          <button
            class="MuiButtonBase-root MuiButton-root MuiButton-contained MuiButton-containedPrimary MuiButton-sizeMedium MuiButton-containedSizeMedium MuiButton-colorPrimary Mui-disabled MuiButton-root MuiButton-contained MuiButton-containedPrimary MuiButton-sizeMedium MuiButton-containedSizeMedium MuiButton-colorPrimary css-74d805-MuiButtonBase-root-MuiButton-root"
            disabled=""
            tabindex="-1"
            type="button"
          >
            registration.moveToGroupDialog.moveToGroup
          </button>
        </div>
      </div>
    </div>
    <div
      data-testid="sentinelEnd"
      tabindex="0"
    />
  </div>
</body>
`;
