// Jest Snapshot v1, https://goo.gl/fbAQLP

exports[`PaymentPage renders loading indicator while loader is pending 1`] = `
<div>
  <div
    class="MuiBox-root css-19703gc"
  >
    <span
      class="MuiCircularProgress-root MuiCircularProgress-indeterminate MuiCircularProgress-colorPrimary css-1vzstpr-MuiCircularProgress-root"
      role="progressbar"
      style="width: 40px; height: 40px;"
    >
      <svg
        class="MuiCircularProgress-svg css-54pwck-MuiCircularProgress-svg"
        viewBox="22 22 44 44"
      >
        <circle
          class="MuiCircularProgress-circle MuiCircularProgress-circleIndeterminate css-19t5dcl-MuiCircularProgress-circle"
          cx="44"
          cy="44"
          fill="none"
          r="20.2"
          stroke-width="3.6"
        />
      </svg>
    </span>
  </div>
</div>
`;

exports[`PaymentPage renders properly 1`] = `
<div>
  <div
    class="MuiPaper-root MuiPaper-elevation MuiPaper-rounded MuiPaper-elevation0 css-a0rqo0-MuiPaper-root"
    style="--Paper-shadow: none;"
  >
    <h5
      class="MuiTypography-root MuiTypography-h5 css-ihwieu-MuiTypography-root"
    >
      paymentPage.choosePaymentMethod
    </h5>
    <span
      class="MuiTypography-root MuiTypography-caption css-mpaqru-MuiTypography-root"
    >
      <span>
        Valitsemalla maksutavan hyväksyt 
        <a
          href="https://www.paytrail.com/kuluttaja/maksupalveluehdot"
          target="_blank"
        >
          maksupalveluehdot
        </a>
      </span>
    </span>
    <div
      class="MuiPaper-root MuiPaper-elevation MuiPaper-rounded MuiPaper-elevation0 css-1jsbvj9-MuiPaper-root"
      style="--Paper-shadow: none;"
    >
      <h6
        class="MuiTypography-root MuiTypography-h6 css-b2qg5q-MuiTypography-root"
      >
        Pankkimaksutavat
      </h6>
      <div
        class="MuiGrid2-root MuiGrid2-container MuiGrid2-direction-xs-row MuiGrid2-spacing-xs-1 css-octady-MuiGrid2-root"
      >
        <div
          class="MuiGrid2-root MuiGrid2-direction-xs-row css-1fzlhpv-MuiGrid2-root"
        >
          <form
            action="https://services.paytrail.com/payments/77d4e112-af02-11ee-ba91-779a11063706/osuuspankki/loading-and-redirect"
            method="POST"
          >
            <input
              name="checkout-transaction-id"
              type="hidden"
              value="77d4e112-af02-11ee-ba91-779a11063706"
            />
            <input
              name="checkout-account"
              type="hidden"
              value="695861"
            />
            <input
              name="checkout-method"
              type="hidden"
              value="POST"
            />
            <input
              name="checkout-algorithm"
              type="hidden"
              value="sha256"
            />
            <input
              name="checkout-timestamp"
              type="hidden"
              value="2024-01-09T15:19:23.043Z"
            />
            <input
              name="checkout-nonce"
              type="hidden"
              value="6de1a53d-3581-47c1-a75b-4ef39681606e"
            />
            <input
              name="signature"
              type="hidden"
              value="1f76c69451f3bd6a2b7dca0c87c0182407ffe47ded28c6ab5673d928460ee6ef"
            />
            <button
              class="provider-button"
            >
              <img
                alt="OP"
                src="https://resources.paytrail.com/images/payment-method-logos/osuuspankki.svg"
              />
            </button>
          </form>
        </div>
        <div
          class="MuiGrid2-root MuiGrid2-direction-xs-row css-1fzlhpv-MuiGrid2-root"
        >
          <form
            action="https://epmt.nordea.fi/cgi-bin/SOLOPM01"
            method="POST"
          >
            <input
              name="VERSION"
              type="hidden"
              value="0005"
            />
            <input
              name="CONFIRM"
              type="hidden"
              value="YES"
            />
            <input
              name="CUR"
              type="hidden"
              value="EUR"
            />
            <input
              name="ALG"
              type="hidden"
              value="02"
            />
            <input
              name="DATE"
              type="hidden"
              value="EXPRESS"
            />
            <input
              name="RCV_ID"
              type="hidden"
              value="12345678"
            />
            <input
              name="RCV_ACCOUNT"
              type="hidden"
              value="29501800000014"
            />
            <input
              name="RCV_NAME"
              type="hidden"
              value="Paytrail Oyj"
            />
            <input
              name="KEYVERS"
              type="hidden"
              value="0001"
            />
            <input
              name="AMOUNT"
              type="hidden"
              value="20.00"
            />
            <input
              name="STAMP"
              type="hidden"
              value="680921354"
            />
            <input
              name="REF"
              type="hidden"
              value="6812465688"
            />
            <input
              name="LANGUAGE"
              type="hidden"
              value="1"
            />
            <input
              name="MSG"
              type="hidden"
              value="Shop-in-Shop test shop / 6yABkSJ3LL:DdeWqaRSLs"
            />
            <input
              name="RETURN"
              type="hidden"
              value="https://services.paytrail.com/payments/77d4e112-af02-11ee-ba91-779a11063706/nordea/success?signature=29f7e78b2b026ddc71638fdc6b892c74b5f62afecf1795306fc4f5069e570a7b&checkout-transaction-id=77d4e112-af02-11ee-ba91-779a11063706&checkout-account=695861&checkout-method=GET&checkout-algorithm=sha256&checkout-timestamp=2024-01-09T15%3A19%3A23.044Z&checkout-nonce=4d9becf5-f8d8-4a43-ab8b-b3c6f99d43c0"
            />
            <input
              name="CANCEL"
              type="hidden"
              value="https://services.paytrail.com/payments/77d4e112-af02-11ee-ba91-779a11063706/nordea/cancel?signature=7cc369e2386c5a20c396c8e00bd6eabdcea3e7ff4a3f753804ea0d594c2a3497&checkout-transaction-id=77d4e112-af02-11ee-ba91-779a11063706&checkout-account=695861&checkout-method=GET&checkout-algorithm=sha256&checkout-timestamp=2024-01-09T15%3A19%3A23.044Z&checkout-nonce=243664f6-e0a0-4ad0-bbfc-40ef9719569f"
            />
            <input
              name="REJECT"
              type="hidden"
              value="https://services.paytrail.com/payments/77d4e112-af02-11ee-ba91-779a11063706/nordea/cancel?signature=4a43567e52fc89c3b25e08067e22c21da65548ecf1765c5604c2e0085a1177a9&checkout-transaction-id=77d4e112-af02-11ee-ba91-779a11063706&checkout-account=695861&checkout-method=GET&checkout-algorithm=sha256&checkout-timestamp=2024-01-09T15%3A19%3A23.044Z&checkout-nonce=154bceaa-a715-4010-8ae3-a0d9e1a5ad45"
            />
            <input
              name="ULT_BEN_ACCOUNT"
              type="hidden"
              value="FI6250000120313449"
            />
            <input
              name="ULT_BEN_ACCOUNT_BIC"
              type="hidden"
              value="OKOYFIHH"
            />
            <input
              name="ULT_BEN_NAME"
              type="hidden"
              value="Shop-in-Shop test shop"
            />
            <input
              name="ULT_BEN_BID"
              type="hidden"
              value="2196606-6"
            />
            <input
              name="ULT_BEN_IND_CODE"
              type="hidden"
              value="66190"
            />
            <input
              name="MAC"
              type="hidden"
              value="E74287F61B2E7F15027FC9A480A52B0D5DE64B081F32A4ECACAD2A6C3EA755B26089F8F2DB243757C0C454C1BEC3ACEE96847F4BD34412AFAD6B3595BC1AB554"
            />
            <button
              class="provider-button"
            >
              <img
                alt="Nordea"
                src="https://resources.paytrail.com/images/payment-method-logos/nordea.svg"
              />
            </button>
          </form>
        </div>
        <div
          class="MuiGrid2-root MuiGrid2-direction-xs-row css-1fzlhpv-MuiGrid2-root"
        >
          <form
            action="https://verkkopankki.danskebank.fi/SP/vemaha/VemahaApp"
            method="POST"
          >
            <input
              name="VERSIO"
              type="hidden"
              value="4"
            />
            <input
              name="ALG"
              type="hidden"
              value="03"
            />
            <input
              name="KNRO"
              type="hidden"
              value="000000000000"
            />
            <input
              name="SUMMA"
              type="hidden"
              value="20.00"
            />
            <input
              name="VIITE"
              type="hidden"
              value="6812465688"
            />
            <input
              name="VALUUTTA"
              type="hidden"
              value="EUR"
            />
            <input
              name="ERAPAIVA"
              type="hidden"
              value="09.01.2024"
            />
            <input
              name="OKURL"
              type="hidden"
              value="https://services.paytrail.com/payments/77d4e112-af02-11ee-ba91-779a11063706/danske/success"
            />
            <input
              name="VIRHEURL"
              type="hidden"
              value="https://services.paytrail.com/payments/77d4e112-af02-11ee-ba91-779a11063706/danske/cancel"
            />
            <input
              name="lng"
              type="hidden"
              value="1"
            />
            <input
              name="TARKISTE"
              type="hidden"
              value="AF7961D8D90428A5156B37FDEEB90DBD5C13D2D65FF6B9E15BC7511C0E0FA7A5"
            />
            <button
              class="provider-button"
            >
              <img
                alt="Danske Bank"
                src="https://resources.paytrail.com/images/payment-method-logos/danske.svg"
              />
            </button>
          </form>
        </div>
        <div
          class="MuiGrid2-root MuiGrid2-direction-xs-row css-1fzlhpv-MuiGrid2-root"
        >
          <form
            action="https://online.s-pankki.fi/service/paybutton"
            method="POST"
          >
            <input
              name="AAB_VERSION"
              type="hidden"
              value="0002"
            />
            <input
              name="AAB_DATE"
              type="hidden"
              value="EXPRESS"
            />
            <input
              name="AAB_CONFIRM"
              type="hidden"
              value="YES"
            />
            <input
              name="AAB_ALG"
              type="hidden"
              value="03"
            />
            <input
              name="AAB_RCV_NAME"
              type="hidden"
              value="Paytrail Oyj"
            />
            <input
              name="AAB_STAMP"
              type="hidden"
              value="680921354"
            />
            <input
              name="AAB_RCV_ID"
              type="hidden"
              value="SPANKKIESHOPID"
            />
            <input
              name="AAB_RCV_ACCOUNT"
              type="hidden"
              value="FI4139390001002369"
            />
            <input
              name="AAB_KEYVERS"
              type="hidden"
              value="0001"
            />
            <input
              name="AAB_LANGUAGE"
              type="hidden"
              value="1"
            />
            <input
              name="AAB_AMOUNT"
              type="hidden"
              value="20,00"
            />
            <input
              name="AAB_REF"
              type="hidden"
              value="6812465688"
            />
            <input
              name="AAB_MSG"
              type="hidden"
              value="Shop-in-Shop test shop / 6yABkSJ3LL:DdeWqaRSLs"
            />
            <input
              name="AAB_RETURN"
              type="hidden"
              value="https://services.paytrail.com/payments/77d4e112-af02-11ee-ba91-779a11063706/spankki/success"
            />
            <input
              name="AAB_CANCEL"
              type="hidden"
              value="https://services.paytrail.com/payments/77d4e112-af02-11ee-ba91-779a11063706/spankki/cancel"
            />
            <input
              name="AAB_REJECT"
              type="hidden"
              value="https://services.paytrail.com/payments/77d4e112-af02-11ee-ba91-779a11063706/spankki/cancel"
            />
            <input
              name="AAB_CUR"
              type="hidden"
              value="EUR"
            />
            <input
              name="AAB_MAC"
              type="hidden"
              value="388DC5DD8CF3AA345A984CB5B2B0F6C56BA501731DD1B4616206AD5808F2E56F"
            />
            <button
              class="provider-button"
            >
              <img
                alt="S-pankki"
                src="https://resources.paytrail.com/images/payment-method-logos/spankki.svg"
              />
            </button>
          </form>
        </div>
        <div
          class="MuiGrid2-root MuiGrid2-direction-xs-row css-1fzlhpv-MuiGrid2-root"
        >
          <form
            action="https://verkkomaksu.poppankki.fi/vm/login.html"
            method="POST"
          >
            <input
              name="NET_VERSION"
              type="hidden"
              value="003"
            />
            <input
              name="NET_DATE"
              type="hidden"
              value="EXPRESS"
            />
            <input
              name="NET_CONFIRM"
              type="hidden"
              value="YES"
            />
            <input
              name="NET_ALG"
              type="hidden"
              value="03"
            />
            <input
              name="NET_SELLER_ID"
              type="hidden"
              value="0000000000"
            />
            <input
              name="NET_STAMP"
              type="hidden"
              value="680921354"
            />
            <input
              name="NET_AMOUNT"
              type="hidden"
              value="20,00"
            />
            <input
              name="NET_CUR"
              type="hidden"
              value="EUR"
            />
            <input
              name="NET_REF"
              type="hidden"
              value="6812465688"
            />
            <input
              name="NET_MSG"
              type="hidden"
              value="Shop-in-Shop test shop / 6yABkSJ3LL:DdeWqaRSLs"
            />
            <input
              name="NET_RETURN"
              type="hidden"
              value="https://services.paytrail.com/payments/77d4e112-af02-11ee-ba91-779a11063706/pop/success?signature=3578f10d71920380c1d81ecef789c6b00ac0829140b82dc444a1b3eec14f1a1e&checkout-transaction-id=77d4e112-af02-11ee-ba91-779a11063706&checkout-account=695861&checkout-method=GET&checkout-algorithm=sha256&checkout-timestamp=2024-01-09T15%3A19%3A23.044Z&checkout-nonce=0b4598f6-88a9-468e-95cc-42cf55fca6b1"
            />
            <input
              name="NET_CANCEL"
              type="hidden"
              value="https://services.paytrail.com/payments/77d4e112-af02-11ee-ba91-779a11063706/pop/cancel?signature=475cc09e4ac8c992bc5b2d8419d9d0578d7f42afd2d13c34440e4cbc0a89347d&checkout-transaction-id=77d4e112-af02-11ee-ba91-779a11063706&checkout-account=695861&checkout-method=GET&checkout-algorithm=sha256&checkout-timestamp=2024-01-09T15%3A19%3A23.044Z&checkout-nonce=5d590527-6845-40fc-9421-d1bb960f4703"
            />
            <input
              name="NET_REJECT"
              type="hidden"
              value="https://services.paytrail.com/payments/77d4e112-af02-11ee-ba91-779a11063706/pop/cancel?signature=94f1cf3de3fbb9a8118bd26fa63294ceb3e152d9251204ef423b3a971fa701bf&checkout-transaction-id=77d4e112-af02-11ee-ba91-779a11063706&checkout-account=695861&checkout-method=GET&checkout-algorithm=sha256&checkout-timestamp=2024-01-09T15%3A19%3A23.044Z&checkout-nonce=24fd4f02-3dc3-41d3-bdf8-e672b48c405f"
            />
            <input
              name="NET_MAC"
              type="hidden"
              value="C3862344D55958F381565D110F69727D451DCE8161BDA6215449271F9CDD5165"
            />
            <button
              class="provider-button"
            >
              <img
                alt="POP Pankki"
                src="https://resources.paytrail.com/images/payment-method-logos/pop.svg"
              />
            </button>
          </form>
        </div>
        <div
          class="MuiGrid2-root MuiGrid2-direction-xs-row css-1fzlhpv-MuiGrid2-root"
        >
          <form
            action="https://verkkomaksu.omasp.fi/vm/login.html"
            method="POST"
          >
            <input
              name="NET_VERSION"
              type="hidden"
              value="003"
            />
            <input
              name="NET_DATE"
              type="hidden"
              value="EXPRESS"
            />
            <input
              name="NET_CONFIRM"
              type="hidden"
              value="YES"
            />
            <input
              name="NET_ALG"
              type="hidden"
              value="03"
            />
            <input
              name="NET_SELLER_ID"
              type="hidden"
              value="0000000000"
            />
            <input
              name="NET_STAMP"
              type="hidden"
              value="680921354"
            />
            <input
              name="NET_AMOUNT"
              type="hidden"
              value="20,00"
            />
            <input
              name="NET_CUR"
              type="hidden"
              value="EUR"
            />
            <input
              name="NET_REF"
              type="hidden"
              value="6812465688"
            />
            <input
              name="NET_MSG"
              type="hidden"
              value="Shop-in-Shop test shop / 6yABkSJ3LL:DdeWqaRSLs"
            />
            <input
              name="NET_RETURN"
              type="hidden"
              value="https://services.paytrail.com/payments/77d4e112-af02-11ee-ba91-779a11063706/omasp/success?signature=551fadb641d872e0fd3bfa490bb39f6413e422e046c1dac6e402434c783e88f2&checkout-transaction-id=77d4e112-af02-11ee-ba91-779a11063706&checkout-account=695861&checkout-method=GET&checkout-algorithm=sha256&checkout-timestamp=2024-01-09T15%3A19%3A23.044Z&checkout-nonce=d02551b3-b52a-472e-90bb-d38dda90ec37"
            />
            <input
              name="NET_CANCEL"
              type="hidden"
              value="https://services.paytrail.com/payments/77d4e112-af02-11ee-ba91-779a11063706/omasp/cancel?signature=dd8d51a35838388af523ca272e0ea16c6b8b58241b450296c9b48b4e4ae88238&checkout-transaction-id=77d4e112-af02-11ee-ba91-779a11063706&checkout-account=695861&checkout-method=GET&checkout-algorithm=sha256&checkout-timestamp=2024-01-09T15%3A19%3A23.044Z&checkout-nonce=56dd30cb-35e7-464f-ab15-e3ae56423a54"
            />
            <input
              name="NET_REJECT"
              type="hidden"
              value="https://services.paytrail.com/payments/77d4e112-af02-11ee-ba91-779a11063706/omasp/cancel?signature=dab1c391365f73a8f21dc2d7b41b3d97eefc26e92ba49e8e9f60d19744bdbd6a&checkout-transaction-id=77d4e112-af02-11ee-ba91-779a11063706&checkout-account=695861&checkout-method=GET&checkout-algorithm=sha256&checkout-timestamp=2024-01-09T15%3A19%3A23.044Z&checkout-nonce=055b641b-8824-48c3-971d-3c151728f577"
            />
            <input
              name="NET_MAC"
              type="hidden"
              value="85DE76FF0EF7C01958544104DE533C3F4F632F2F64CEB822383829C9E9AC08B0"
            />
            <button
              class="provider-button"
            >
              <img
                alt="Oma Säästöpankki"
                src="https://resources.paytrail.com/images/payment-method-logos/omasp.svg"
              />
            </button>
          </form>
        </div>
        <div
          class="MuiGrid2-root MuiGrid2-direction-xs-row css-1fzlhpv-MuiGrid2-root"
        >
          <form
            action="https://auth.aktia.fi/vmtest"
            method="POST"
          >
            <input
              name="NET_VERSION"
              type="hidden"
              value="010"
            />
            <input
              name="NET_DATE"
              type="hidden"
              value="EXPRESS"
            />
            <input
              name="NET_CONFIRM"
              type="hidden"
              value="YES"
            />
            <input
              name="NET_ALG"
              type="hidden"
              value="03"
            />
            <input
              name="NET_SELLER_ID"
              type="hidden"
              value="1111111111111"
            />
            <input
              name="NET_STAMP"
              type="hidden"
              value="680921354"
            />
            <input
              name="NET_AMOUNT"
              type="hidden"
              value="20,00"
            />
            <input
              name="NET_CUR"
              type="hidden"
              value="EUR"
            />
            <input
              name="NET_REF"
              type="hidden"
              value="6812465688"
            />
            <input
              name="NET_MSG"
              type="hidden"
              value="Shop-in-Shop test shop / 6yABkSJ3LL:DdeWqaRSLs"
            />
            <input
              name="NET_RETURN"
              type="hidden"
              value="https://services.paytrail.com/payments/77d4e112-af02-11ee-ba91-779a11063706/aktia/success"
            />
            <input
              name="NET_CANCEL"
              type="hidden"
              value="https://services.paytrail.com/payments/77d4e112-af02-11ee-ba91-779a11063706/aktia/cancel"
            />
            <input
              name="NET_REJECT"
              type="hidden"
              value="https://services.paytrail.com/payments/77d4e112-af02-11ee-ba91-779a11063706/aktia/cancel"
            />
            <input
              name="NET_KEYVERS"
              type="hidden"
              value="0001"
            />
            <input
              name="NET_MAC"
              type="hidden"
              value="80F7E8B915BBF13661A259A23F59F0117449CAB477BFA99C8F5DDF8D958D53B8"
            />
            <button
              class="provider-button"
            >
              <img
                alt="Aktia"
                src="https://resources.paytrail.com/images/payment-method-logos/aktia.svg"
              />
            </button>
          </form>
        </div>
        <div
          class="MuiGrid2-root MuiGrid2-direction-xs-row css-1fzlhpv-MuiGrid2-root"
        >
          <form
            action="https://verkkomaksu.handelsbanken.fi/vm/login.html"
            method="POST"
          >
            <input
              name="NET_VERSION"
              type="hidden"
              value="003"
            />
            <input
              name="NET_DATE"
              type="hidden"
              value="EXPRESS"
            />
            <input
              name="NET_CONFIRM"
              type="hidden"
              value="YES"
            />
            <input
              name="NET_ALG"
              type="hidden"
              value="03"
            />
            <input
              name="NET_SELLER_ID"
              type="hidden"
              value="0000000000"
            />
            <input
              name="NET_STAMP"
              type="hidden"
              value="680921354"
            />
            <input
              name="NET_AMOUNT"
              type="hidden"
              value="20,00"
            />
            <input
              name="NET_CUR"
              type="hidden"
              value="EUR"
            />
            <input
              name="NET_REF"
              type="hidden"
              value="6812465688"
            />
            <input
              name="NET_MSG"
              type="hidden"
              value="Shop-in-Shop test shop / 6yABkSJ3LL:DdeWqaRSLs"
            />
            <input
              name="NET_RETURN"
              type="hidden"
              value="https://services.paytrail.com/payments/77d4e112-af02-11ee-ba91-779a11063706/handelsbanken/success?signature=16e3792a3bc64d85e83d60f4bf08d8133b78e0b737d89dfa49165c4f6ebd3d25&checkout-transaction-id=77d4e112-af02-11ee-ba91-779a11063706&checkout-account=695861&checkout-method=GET&checkout-algorithm=sha256&checkout-timestamp=2024-01-09T15%3A19%3A23.045Z&checkout-nonce=9b3820bc-4876-4583-8cb1-7fc8f346fa75"
            />
            <input
              name="NET_CANCEL"
              type="hidden"
              value="https://services.paytrail.com/payments/77d4e112-af02-11ee-ba91-779a11063706/handelsbanken/cancel?signature=5e27a9c92d7eb4c570ef4fb41749bdae7252223a1c46bbd8b1e456851fd820c8&checkout-transaction-id=77d4e112-af02-11ee-ba91-779a11063706&checkout-account=695861&checkout-method=GET&checkout-algorithm=sha256&checkout-timestamp=2024-01-09T15%3A19%3A23.045Z&checkout-nonce=fac9b1b8-31c3-4e37-9d61-73cf7e660a30"
            />
            <input
              name="NET_REJECT"
              type="hidden"
              value="https://services.paytrail.com/payments/77d4e112-af02-11ee-ba91-779a11063706/handelsbanken/cancel?signature=3e856bb81c7968c28e06683d45b9af99d3b89fc9c40f4cf4ff3c5019e0f9dac9&checkout-transaction-id=77d4e112-af02-11ee-ba91-779a11063706&checkout-account=695861&checkout-method=GET&checkout-algorithm=sha256&checkout-timestamp=2024-01-09T15%3A19%3A23.045Z&checkout-nonce=64e7108a-3977-4809-8c7a-a6295620508d"
            />
            <input
              name="NET_MAC"
              type="hidden"
              value="9B74023E4226F98C8110116562572DB0F1FDD0F073153AB5E0472D37024554E5"
            />
            <button
              class="provider-button"
            >
              <img
                alt="Handelsbanken"
                src="https://resources.paytrail.com/images/payment-method-logos/handelsbanken.svg"
              />
            </button>
          </form>
        </div>
        <div
          class="MuiGrid2-root MuiGrid2-direction-xs-row css-1fzlhpv-MuiGrid2-root"
        >
          <form
            action="https://verkkomaksu.saastopankki.fi/vm/login.html"
            method="POST"
          >
            <input
              name="NET_VERSION"
              type="hidden"
              value="003"
            />
            <input
              name="NET_DATE"
              type="hidden"
              value="EXPRESS"
            />
            <input
              name="NET_CONFIRM"
              type="hidden"
              value="YES"
            />
            <input
              name="NET_ALG"
              type="hidden"
              value="03"
            />
            <input
              name="NET_SELLER_ID"
              type="hidden"
              value="0000000000"
            />
            <input
              name="NET_STAMP"
              type="hidden"
              value="680921354"
            />
            <input
              name="NET_AMOUNT"
              type="hidden"
              value="20,00"
            />
            <input
              name="NET_CUR"
              type="hidden"
              value="EUR"
            />
            <input
              name="NET_REF"
              type="hidden"
              value="6812465688"
            />
            <input
              name="NET_MSG"
              type="hidden"
              value="Shop-in-Shop test shop / 6yABkSJ3LL:DdeWqaRSLs"
            />
            <input
              name="NET_RETURN"
              type="hidden"
              value="https://services.paytrail.com/payments/77d4e112-af02-11ee-ba91-779a11063706/saastopankki/success?signature=779d157754842cafba6bb2549827957ba2367c427462a14461dc446f65d9f609&checkout-transaction-id=77d4e112-af02-11ee-ba91-779a11063706&checkout-account=695861&checkout-method=GET&checkout-algorithm=sha256&checkout-timestamp=2024-01-09T15%3A19%3A23.045Z&checkout-nonce=6c59568f-cfce-4390-88eb-9e1ed7b8af6e"
            />
            <input
              name="NET_CANCEL"
              type="hidden"
              value="https://services.paytrail.com/payments/77d4e112-af02-11ee-ba91-779a11063706/saastopankki/cancel?signature=f14adca1aa2efe42bc4aa4d5bdf1cd200a16936f0d8db2c44ad261fd08c349c7&checkout-transaction-id=77d4e112-af02-11ee-ba91-779a11063706&checkout-account=695861&checkout-method=GET&checkout-algorithm=sha256&checkout-timestamp=2024-01-09T15%3A19%3A23.045Z&checkout-nonce=d1a3a0e4-b893-4d29-ac80-40c8b1610068"
            />
            <input
              name="NET_REJECT"
              type="hidden"
              value="https://services.paytrail.com/payments/77d4e112-af02-11ee-ba91-779a11063706/saastopankki/cancel?signature=19e2c51039c817d867de989ac662d1d704d9575832d21657015286529b507470&checkout-transaction-id=77d4e112-af02-11ee-ba91-779a11063706&checkout-account=695861&checkout-method=GET&checkout-algorithm=sha256&checkout-timestamp=2024-01-09T15%3A19%3A23.045Z&checkout-nonce=3b2735bd-2f60-49c2-8c07-0d303b6b2c43"
            />
            <input
              name="NET_MAC"
              type="hidden"
              value="2CDDBFBECCEF1116896AD65B2D283AE449B4DCBA6BE49FFAC057C74B0109A28A"
            />
            <button
              class="provider-button"
            >
              <img
                alt="Säästöpankki"
                src="https://resources.paytrail.com/images/payment-method-logos/saastopankki.svg"
              />
            </button>
          </form>
        </div>
        <div
          class="MuiGrid2-root MuiGrid2-direction-xs-row css-1fzlhpv-MuiGrid2-root"
        >
          <form
            action="https://online.alandsbanken.fi/service/paybutton"
            method="POST"
          >
            <input
              name="AAB_VERSION"
              type="hidden"
              value="0002"
            />
            <input
              name="AAB_DATE"
              type="hidden"
              value="EXPRESS"
            />
            <input
              name="AAB_CONFIRM"
              type="hidden"
              value="YES"
            />
            <input
              name="AAB_ALG"
              type="hidden"
              value="01"
            />
            <input
              name="AAB_RCV_NAME"
              type="hidden"
              value="Paytrail Oyj"
            />
            <input
              name="AAB_STAMP"
              type="hidden"
              value="680921354"
            />
            <input
              name="AAB_RCV_ID"
              type="hidden"
              value="AABESHOPID"
            />
            <input
              name="AAB_RCV_ACCOUNT"
              type="hidden"
              value="FI7766010001130855"
            />
            <input
              name="AAB_KEYVERS"
              type="hidden"
              value="0001"
            />
            <input
              name="AAB_LANGUAGE"
              type="hidden"
              value="1"
            />
            <input
              name="AAB_AMOUNT"
              type="hidden"
              value="20,00"
            />
            <input
              name="AAB_REF"
              type="hidden"
              value="6812465688"
            />
            <input
              name="AAB_MSG"
              type="hidden"
              value="Shop-in-Shop test shop / 6yABkSJ3LL:DdeWqaRSLs"
            />
            <input
              name="AAB_RETURN"
              type="hidden"
              value="https://services.paytrail.com/payments/77d4e112-af02-11ee-ba91-779a11063706/alandsbanken/success"
            />
            <input
              name="AAB_CANCEL"
              type="hidden"
              value="https://services.paytrail.com/payments/77d4e112-af02-11ee-ba91-779a11063706/alandsbanken/cancel"
            />
            <input
              name="AAB_REJECT"
              type="hidden"
              value="https://services.paytrail.com/payments/77d4e112-af02-11ee-ba91-779a11063706/alandsbanken/cancel"
            />
            <input
              name="AAB_CUR"
              type="hidden"
              value="EUR"
            />
            <input
              name="AAB_MAC"
              type="hidden"
              value="1AAA7011044B026573F99A908418ACE4"
            />
            <button
              class="provider-button"
            >
              <img
                alt="Ålandsbanken"
                src="https://resources.paytrail.com/images/payment-method-logos/alandsbanken.svg"
              />
            </button>
          </form>
        </div>
      </div>
    </div>
    <div
      class="MuiPaper-root MuiPaper-elevation MuiPaper-rounded MuiPaper-elevation0 css-1jsbvj9-MuiPaper-root"
      style="--Paper-shadow: none;"
    >
      <h6
        class="MuiTypography-root MuiTypography-h6 css-b2qg5q-MuiTypography-root"
      >
        Korttimaksutavat
      </h6>
      <div
        class="MuiGrid2-root MuiGrid2-container MuiGrid2-direction-xs-row MuiGrid2-spacing-xs-1 css-octady-MuiGrid2-root"
      >
        <div
          class="MuiGrid2-root MuiGrid2-direction-xs-row css-1fzlhpv-MuiGrid2-root"
        >
          <form
            action="https://v1-hub-staging.sph-test-solinor.com/form/view/pay_with_card"
            method="POST"
          >
            <input
              name="sph-account"
              type="hidden"
              value="checkout"
            />
            <input
              name="sph-merchant"
              type="hidden"
              value="checkout"
            />
            <input
              name="sph-api-version"
              type="hidden"
              value="20200427"
            />
            <input
              name="sph-timestamp"
              type="hidden"
              value="2024-01-09T15:19:23Z"
            />
            <input
              name="sph-request-id"
              type="hidden"
              value="8c20ad0a-13ea-4fce-adfb-9c33e178d4d2"
            />
            <input
              name="sph-amount"
              type="hidden"
              value="2000"
            />
            <input
              name="sph-currency"
              type="hidden"
              value="EUR"
            />
            <input
              name="sph-order"
              type="hidden"
              value="6812465688"
            />
            <input
              name="language"
              type="hidden"
              value="FI"
            />
            <input
              name="description"
              type="hidden"
              value="Shop-in-Shop test shop / 6yABkSJ3LL:DdeWqaRSLs"
            />
            <input
              name="sph-success-url"
              type="hidden"
              value="https://services.paytrail.com/payments/77d4e112-af02-11ee-ba91-779a11063706/creditcard/success"
            />
            <input
              name="sph-cancel-url"
              type="hidden"
              value="https://services.paytrail.com/payments/77d4e112-af02-11ee-ba91-779a11063706/creditcard/cancel"
            />
            <input
              name="sph-failure-url"
              type="hidden"
              value="https://services.paytrail.com/payments/77d4e112-af02-11ee-ba91-779a11063706/creditcard/cancel"
            />
            <input
              name="sph-webhook-success-url"
              type="hidden"
              value="https://services.paytrail.com/payments/77d4e112-af02-11ee-ba91-779a11063706/creditcard/success"
            />
            <input
              name="sph-webhook-cancel-url"
              type="hidden"
              value="https://services.paytrail.com/payments/77d4e112-af02-11ee-ba91-779a11063706/creditcard/cancel"
            />
            <input
              name="sph-webhook-failure-url"
              type="hidden"
              value="https://services.paytrail.com/payments/77d4e112-af02-11ee-ba91-779a11063706/creditcard/cancel"
            />
            <input
              name="sph-webhook-delay"
              type="hidden"
              value="60"
            />
            <input
              name="sph-sub-merchant-vat-id"
              type="hidden"
              value="FI21966066"
            />
            <input
              name="sph-sub-merchant-id"
              type="hidden"
              value="695861"
            />
            <input
              name="sph-sub-merchant-name"
              type="hidden"
              value="Shop-in-Shop test sho"
            />
            <input
              name="sph-sub-merchant-street-address"
              type="hidden"
              value="Eteläpuisto 2"
            />
            <input
              name="sph-sub-merchant-city"
              type="hidden"
              value="Tampere"
            />
            <input
              name="sph-sub-merchant-postal-code"
              type="hidden"
              value="33200"
            />
            <input
              name="sph-sub-merchant-telephone"
              type="hidden"
              value="0800 552 010"
            />
            <input
              name="sph-sub-merchant-country-code"
              type="hidden"
              value="FI"
            />
            <input
              name="sph-sub-merchant-merchant-category-code"
              type="hidden"
              value="4814"
            />
            <input
              name="signature"
              type="hidden"
              value="SPH1 checkout_1 c93d4b375206226ba08c5be6f6f4bad28b423ffdb9a92f1116b7534ee743f023"
            />
            <button
              class="provider-button"
            >
              <img
                alt="Visa Electron"
                src="https://resources.paytrail.com/images/payment-method-logos/visa-electron.svg"
              />
            </button>
          </form>
        </div>
        <div
          class="MuiGrid2-root MuiGrid2-direction-xs-row css-1fzlhpv-MuiGrid2-root"
        >
          <form
            action="https://v1-hub-staging.sph-test-solinor.com/form/view/pay_with_card"
            method="POST"
          >
            <input
              name="sph-account"
              type="hidden"
              value="checkout"
            />
            <input
              name="sph-merchant"
              type="hidden"
              value="checkout"
            />
            <input
              name="sph-api-version"
              type="hidden"
              value="20200427"
            />
            <input
              name="sph-timestamp"
              type="hidden"
              value="2024-01-09T15:19:23Z"
            />
            <input
              name="sph-request-id"
              type="hidden"
              value="1e489393-fa76-4933-aa04-25049adda26f"
            />
            <input
              name="sph-amount"
              type="hidden"
              value="2000"
            />
            <input
              name="sph-currency"
              type="hidden"
              value="EUR"
            />
            <input
              name="sph-order"
              type="hidden"
              value="6812465688"
            />
            <input
              name="language"
              type="hidden"
              value="FI"
            />
            <input
              name="description"
              type="hidden"
              value="Shop-in-Shop test shop / 6yABkSJ3LL:DdeWqaRSLs"
            />
            <input
              name="sph-success-url"
              type="hidden"
              value="https://services.paytrail.com/payments/77d4e112-af02-11ee-ba91-779a11063706/creditcard/success"
            />
            <input
              name="sph-cancel-url"
              type="hidden"
              value="https://services.paytrail.com/payments/77d4e112-af02-11ee-ba91-779a11063706/creditcard/cancel"
            />
            <input
              name="sph-failure-url"
              type="hidden"
              value="https://services.paytrail.com/payments/77d4e112-af02-11ee-ba91-779a11063706/creditcard/cancel"
            />
            <input
              name="sph-webhook-success-url"
              type="hidden"
              value="https://services.paytrail.com/payments/77d4e112-af02-11ee-ba91-779a11063706/creditcard/success"
            />
            <input
              name="sph-webhook-cancel-url"
              type="hidden"
              value="https://services.paytrail.com/payments/77d4e112-af02-11ee-ba91-779a11063706/creditcard/cancel"
            />
            <input
              name="sph-webhook-failure-url"
              type="hidden"
              value="https://services.paytrail.com/payments/77d4e112-af02-11ee-ba91-779a11063706/creditcard/cancel"
            />
            <input
              name="sph-webhook-delay"
              type="hidden"
              value="60"
            />
            <input
              name="sph-sub-merchant-vat-id"
              type="hidden"
              value="FI21966066"
            />
            <input
              name="sph-sub-merchant-id"
              type="hidden"
              value="695861"
            />
            <input
              name="sph-sub-merchant-name"
              type="hidden"
              value="Shop-in-Shop test sho"
            />
            <input
              name="sph-sub-merchant-street-address"
              type="hidden"
              value="Eteläpuisto 2"
            />
            <input
              name="sph-sub-merchant-city"
              type="hidden"
              value="Tampere"
            />
            <input
              name="sph-sub-merchant-postal-code"
              type="hidden"
              value="33200"
            />
            <input
              name="sph-sub-merchant-telephone"
              type="hidden"
              value="0800 552 010"
            />
            <input
              name="sph-sub-merchant-country-code"
              type="hidden"
              value="FI"
            />
            <input
              name="sph-sub-merchant-merchant-category-code"
              type="hidden"
              value="4814"
            />
            <input
              name="signature"
              type="hidden"
              value="SPH1 checkout_1 47e1305bf4799142dfcd281048d1b4dd9f79405e7ba5d805136f0f9ad22231ec"
            />
            <button
              class="provider-button"
            >
              <img
                alt="Visa"
                src="https://resources.paytrail.com/images/payment-method-logos/visa.svg"
              />
            </button>
          </form>
        </div>
        <div
          class="MuiGrid2-root MuiGrid2-direction-xs-row css-1fzlhpv-MuiGrid2-root"
        >
          <form
            action="https://v1-hub-staging.sph-test-solinor.com/form/view/pay_with_card"
            method="POST"
          >
            <input
              name="sph-account"
              type="hidden"
              value="checkout"
            />
            <input
              name="sph-merchant"
              type="hidden"
              value="checkout"
            />
            <input
              name="sph-api-version"
              type="hidden"
              value="20200427"
            />
            <input
              name="sph-timestamp"
              type="hidden"
              value="2024-01-09T15:19:23Z"
            />
            <input
              name="sph-request-id"
              type="hidden"
              value="23c2ae76-f9a5-469f-8888-a8ad638fa197"
            />
            <input
              name="sph-amount"
              type="hidden"
              value="2000"
            />
            <input
              name="sph-currency"
              type="hidden"
              value="EUR"
            />
            <input
              name="sph-order"
              type="hidden"
              value="6812465688"
            />
            <input
              name="language"
              type="hidden"
              value="FI"
            />
            <input
              name="description"
              type="hidden"
              value="Shop-in-Shop test shop / 6yABkSJ3LL:DdeWqaRSLs"
            />
            <input
              name="sph-success-url"
              type="hidden"
              value="https://services.paytrail.com/payments/77d4e112-af02-11ee-ba91-779a11063706/creditcard/success"
            />
            <input
              name="sph-cancel-url"
              type="hidden"
              value="https://services.paytrail.com/payments/77d4e112-af02-11ee-ba91-779a11063706/creditcard/cancel"
            />
            <input
              name="sph-failure-url"
              type="hidden"
              value="https://services.paytrail.com/payments/77d4e112-af02-11ee-ba91-779a11063706/creditcard/cancel"
            />
            <input
              name="sph-webhook-success-url"
              type="hidden"
              value="https://services.paytrail.com/payments/77d4e112-af02-11ee-ba91-779a11063706/creditcard/success"
            />
            <input
              name="sph-webhook-cancel-url"
              type="hidden"
              value="https://services.paytrail.com/payments/77d4e112-af02-11ee-ba91-779a11063706/creditcard/cancel"
            />
            <input
              name="sph-webhook-failure-url"
              type="hidden"
              value="https://services.paytrail.com/payments/77d4e112-af02-11ee-ba91-779a11063706/creditcard/cancel"
            />
            <input
              name="sph-webhook-delay"
              type="hidden"
              value="60"
            />
            <input
              name="sph-sub-merchant-vat-id"
              type="hidden"
              value="FI21966066"
            />
            <input
              name="sph-sub-merchant-id"
              type="hidden"
              value="695861"
            />
            <input
              name="sph-sub-merchant-name"
              type="hidden"
              value="Shop-in-Shop test sho"
            />
            <input
              name="sph-sub-merchant-street-address"
              type="hidden"
              value="Eteläpuisto 2"
            />
            <input
              name="sph-sub-merchant-city"
              type="hidden"
              value="Tampere"
            />
            <input
              name="sph-sub-merchant-postal-code"
              type="hidden"
              value="33200"
            />
            <input
              name="sph-sub-merchant-telephone"
              type="hidden"
              value="0800 552 010"
            />
            <input
              name="sph-sub-merchant-country-code"
              type="hidden"
              value="FI"
            />
            <input
              name="sph-sub-merchant-merchant-category-code"
              type="hidden"
              value="4814"
            />
            <input
              name="signature"
              type="hidden"
              value="SPH1 checkout_1 7812b98bdc11fadfa35f0e22137e624b5a4298f1bab8d982d5d8a39f5f214099"
            />
            <button
              class="provider-button"
            >
              <img
                alt="Mastercard"
                src="https://resources.paytrail.com/images/payment-method-logos/mastercard.svg"
              />
            </button>
          </form>
        </div>
        <div
          class="MuiGrid2-root MuiGrid2-direction-xs-row css-1fzlhpv-MuiGrid2-root"
        >
          <form
            action="https://v1-hub-staging.sph-test-solinor.com/form/view/pay_with_card"
            method="POST"
          >
            <input
              name="sph-account"
              type="hidden"
              value="checkout"
            />
            <input
              name="sph-merchant"
              type="hidden"
              value="checkout"
            />
            <input
              name="sph-api-version"
              type="hidden"
              value="20200427"
            />
            <input
              name="sph-timestamp"
              type="hidden"
              value="2024-01-09T15:19:23Z"
            />
            <input
              name="sph-request-id"
              type="hidden"
              value="6099e939-4331-4d39-96d2-4b0ed154735e"
            />
            <input
              name="sph-amount"
              type="hidden"
              value="2000"
            />
            <input
              name="sph-currency"
              type="hidden"
              value="EUR"
            />
            <input
              name="sph-order"
              type="hidden"
              value="6812465688"
            />
            <input
              name="language"
              type="hidden"
              value="FI"
            />
            <input
              name="description"
              type="hidden"
              value="Shop-in-Shop test shop / 6yABkSJ3LL:DdeWqaRSLs"
            />
            <input
              name="sph-success-url"
              type="hidden"
              value="https://services.paytrail.com/payments/77d4e112-af02-11ee-ba91-779a11063706/amex/success"
            />
            <input
              name="sph-cancel-url"
              type="hidden"
              value="https://services.paytrail.com/payments/77d4e112-af02-11ee-ba91-779a11063706/amex/cancel"
            />
            <input
              name="sph-failure-url"
              type="hidden"
              value="https://services.paytrail.com/payments/77d4e112-af02-11ee-ba91-779a11063706/amex/cancel"
            />
            <input
              name="sph-webhook-success-url"
              type="hidden"
              value="https://services.paytrail.com/payments/77d4e112-af02-11ee-ba91-779a11063706/amex/success"
            />
            <input
              name="sph-webhook-cancel-url"
              type="hidden"
              value="https://services.paytrail.com/payments/77d4e112-af02-11ee-ba91-779a11063706/amex/cancel"
            />
            <input
              name="sph-webhook-failure-url"
              type="hidden"
              value="https://services.paytrail.com/payments/77d4e112-af02-11ee-ba91-779a11063706/amex/cancel"
            />
            <input
              name="sph-webhook-delay"
              type="hidden"
              value="60"
            />
            <input
              name="sph-sub-merchant-vat-id"
              type="hidden"
              value="FI21966066"
            />
            <input
              name="sph-sub-merchant-id"
              type="hidden"
              value="695861"
            />
            <input
              name="sph-sub-merchant-name"
              type="hidden"
              value="Shop-in-Shop test sho"
            />
            <input
              name="sph-sub-merchant-street-address"
              type="hidden"
              value="Eteläpuisto 2"
            />
            <input
              name="sph-sub-merchant-city"
              type="hidden"
              value="Tampere"
            />
            <input
              name="sph-sub-merchant-postal-code"
              type="hidden"
              value="33200"
            />
            <input
              name="sph-sub-merchant-telephone"
              type="hidden"
              value="0800 552 010"
            />
            <input
              name="sph-sub-merchant-country-code"
              type="hidden"
              value="FI"
            />
            <input
              name="sph-sub-merchant-merchant-category-code"
              type="hidden"
              value="4814"
            />
            <input
              name="signature"
              type="hidden"
              value="SPH1 checkout_1 ab886e550d5df42e692a72f21cecdd1fb2234b2f7eb708707e60ab9e807c973d"
            />
            <button
              class="provider-button"
            >
              <img
                alt="American Express"
                src="https://resources.paytrail.com/images/payment-method-logos/amex.svg"
              />
            </button>
          </form>
        </div>
      </div>
    </div>
    <div
      class="MuiPaper-root MuiPaper-elevation MuiPaper-rounded MuiPaper-elevation0 css-1jsbvj9-MuiPaper-root"
      style="--Paper-shadow: none;"
    >
      <h6
        class="MuiTypography-root MuiTypography-h6 css-b2qg5q-MuiTypography-root"
      >
        Lasku- ja osamaksutavat
      </h6>
      <div
        class="MuiGrid2-root MuiGrid2-container MuiGrid2-direction-xs-row MuiGrid2-spacing-xs-1 css-octady-MuiGrid2-root"
      >
        <div
          class="MuiGrid2-root MuiGrid2-direction-xs-row css-1fzlhpv-MuiGrid2-root"
        >
          <form
            action="https://pay.paytrail.com/payments/77d4e112-af02-11ee-ba91-779a11063706/collectorb2c/"
            method="POST"
          >
            <input
              name="checkout-transaction-id"
              type="hidden"
              value="77d4e112-af02-11ee-ba91-779a11063706"
            />
            <input
              name="checkout-account"
              type="hidden"
              value="695861"
            />
            <input
              name="checkout-method"
              type="hidden"
              value="POST"
            />
            <input
              name="checkout-algorithm"
              type="hidden"
              value="sha256"
            />
            <input
              name="checkout-timestamp"
              type="hidden"
              value="2024-01-09T15:19:23.046Z"
            />
            <input
              name="checkout-nonce"
              type="hidden"
              value="cc80dc9b-a512-4795-b9c6-c53f0fee39fa"
            />
            <input
              name="signature"
              type="hidden"
              value="fb96e5ed5c4f2889e2fdd447117f455e0acd8dbf94ab273ee95af730a9f058e6"
            />
            <button
              class="provider-button"
            >
              <img
                alt="Collector"
                src="https://resources.paytrail.com/images/payment-method-logos/walley.svg"
              />
            </button>
          </form>
        </div>
        <div
          class="MuiGrid2-root MuiGrid2-direction-xs-row css-1fzlhpv-MuiGrid2-root"
        >
          <form
            action="https://pay.paytrail.com/payments/77d4e112-af02-11ee-ba91-779a11063706/collectorb2b/"
            method="POST"
          >
            <input
              name="checkout-transaction-id"
              type="hidden"
              value="77d4e112-af02-11ee-ba91-779a11063706"
            />
            <input
              name="checkout-account"
              type="hidden"
              value="695861"
            />
            <input
              name="checkout-method"
              type="hidden"
              value="POST"
            />
            <input
              name="checkout-algorithm"
              type="hidden"
              value="sha256"
            />
            <input
              name="checkout-timestamp"
              type="hidden"
              value="2024-01-09T15:19:23.046Z"
            />
            <input
              name="checkout-nonce"
              type="hidden"
              value="774038b6-f8e3-4d25-92ff-833a5fdebca0"
            />
            <input
              name="signature"
              type="hidden"
              value="e40f1d3390ce59c6c73bd9d222be3c9309557bae30da9a74b1e0437b2bb2f17f"
            />
            <button
              class="provider-button"
            >
              <img
                alt="Collector B2B"
                src="https://resources.paytrail.com/images/payment-method-logos/walley-yrityslasku.svg"
              />
            </button>
          </form>
        </div>
      </div>
    </div>
    <hr
      class="MuiDivider-root MuiDivider-fullWidth css-hv6zls-MuiDivider-root"
    />
    <div
      class="MuiStack-root css-1k7wcam-MuiStack-root"
    >
      <div
        class="MuiBox-root css-mro3c9"
      >
        <h6
          class="MuiTypography-root MuiTypography-subtitle2 css-fm6l08-MuiTypography-root"
        >
          eventInfo
        </h6>
        <p
          class="MuiTypography-root MuiTypography-body1 css-rizt0-MuiTypography-root"
        >
          NOU dateFormat.datespan start, end test location (test)
        </p>
        <h6
          class="MuiTypography-root MuiTypography-subtitle2 css-fm6l08-MuiTypography-root"
        >
          registration.dog
        </h6>
        <p
          class="MuiTypography-root MuiTypography-body1 css-rizt0-MuiTypography-root"
        >
          TESTDOG-0010
           
          Dog Name 10
        </p>
        <h6
          class="MuiTypography-root MuiTypography-subtitle2 css-fm6l08-MuiTypography-root"
        >
          registration.handler
        </h6>
        <p
          class="MuiTypography-root MuiTypography-body1 css-rizt0-MuiTypography-root"
        >
          Handler Name
        </p>
      </div>
    </div>
    <hr
      class="MuiDivider-root MuiDivider-fullWidth css-hv6zls-MuiDivider-root"
    />
    <div
      class="MuiStack-root css-1k7wcam-MuiStack-root"
    >
      <div
        class="MuiBox-root css-mro3c9"
      >
        <p
          class="MuiTypography-root MuiTypography-body1 css-su9w05-MuiTypography-root"
        >
          costNames.normal name
           
          123,00 €
        </p>
        <hr
          class="MuiDivider-root MuiDivider-fullWidth css-1jpc804-MuiDivider-root"
        />
        <h6
          class="MuiTypography-root MuiTypography-subtitle2 css-fm6l08-MuiTypography-root"
        />
        <p
          class="MuiTypography-root MuiTypography-body1 css-c021hg-MuiTypography-root"
        >
          registration.paymentToBePaid amount
        </p>
      </div>
    </div>
  </div>
</div>
`;
