// Jest Snapshot v1, https://goo.gl/fbAQLP

exports[`lib/priority PRIORITY should match snapshot and length 1`] = `
[
  {
    "group": "Järjestävän yhdistyksen jäsen",
    "name": "Jäsenet",
    "value": "member",
  },
  {
    "group": "Etusija nimetyillä roduilla",
    "name": "Kultaisetnoutajat",
    "value": "111",
  },
  {
    "group": "Etusija nimetyillä roduilla",
    "name": "Labradorit",
    "value": "122",
  },
  {
    "group": "Etusija nimetyillä roduilla",
    "name": "Sileäkarvaiset noutajat",
    "value": "121",
  },
  {
    "group": "Etusija nimetyillä roduilla",
    "name": "Chesapeakenlahdennoutajat",
    "value": "263",
  },
  {
    "group": "Etusija nimetyillä roduilla",
    "name": "Novascotiannoutajat",
    "value": "312",
  },
  {
    "group": "Etusija nimetyillä roduilla",
    "name": "Kiharakarvaiset noutajat",
    "value": "110",
  },
  {
    "group": "Järjestäjän kutsumat koirat",
    "name": "Kutsutut",
    "value": "invited",
  },
]
`;
