// Vitest Snapshot v1, https://vitest.dev/guide/snapshot.html

exports[`Banner > should render 1`] = `
<div>
  <header
    class="MuiBox-root css-y2ge7z"
  >
    <img
      alt="banner"
      decoding="async"
      loading="lazy"
      src="/src/assets/banner_w1504.webp"
      srcset="/src/assets/banner_w512.webp 512w, /src/assets/banner_w889.webp 900w, /src/assets/banner_w1504.webp 1504w"
      style="height: min(25vh, 32vw); object-fit: contain; object-position: 50% 30px; width: 100%; background-color: rgb(160, 166, 144); left: 0px; opacity: 0; position: absolute; top: 0px; transition: opacity 0.3s ease-in;"
    />
  </header>
</div>
`;
